// Jest Snapshot v1, https://goo.gl/fbAQLP

exports[`Tournament UI components TournamentCard renders basic info and is pressable 1`] = `
<View
  style={
    {
      "borderRadius": 12,
      "marginBottom": 12,
      "overflow": "hidden",
    }
  }
>
  <View
    accessibilityHint="Opens tournament details"
    accessibilityLabel="Norton Lake Bash tournament card"
    accessibilityRole="button"
    accessibilityState={
      {
        "busy": undefined,
        "checked": undefined,
        "disabled": undefined,
        "expanded": undefined,
        "selected": undefined,
      }
    }
    accessibilityValue={
      {
        "max": undefined,
        "min": undefined,
        "now": undefined,
        "text": undefined,
      }
    }
    accessible={true}
    collapsable={false}
    focusable={true}
    onBlur={[Function]}
    onClick={[Function]}
    onFocus={[Function]}
    onResponderGrant={[Function]}
    onResponderMove={[Function]}
    onResponderRelease={[Function]}
    onResponderTerminate={[Function]}
    onResponderTerminationRequest={[Function]}
    onStartShouldSetResponder={[Function]}
    style={
      {
        "padding": 12,
      }
    }
    testID="card.norton"
  >
    <View
      style={
        {
          "alignItems": "center",
          "flexDirection": "row",
        }
      }
    >
      <View
        style={
          {
            "marginRight": 12,
          }
        }
      >
        <View
          style={
            {
              "alignItems": "center",
              "backgroundColor": "rgba(255, 255, 255, 0.08)",
              "borderRadius": 8,
              "height": 56,
              "justifyContent": "center",
              "width": 56,
            }
          }
        >
          <Text
            data-testid="icon-fish"
          >
            fish
          </Text>
        </View>
      </View>
      <View
        style={
          {
            "flex": 1,
          }
        }
      >
        <Text
          numberOfLines={1}
          style={
            {
              "color": "#ffffff",
              "fontSize": 16,
              "fontWeight": "700",
              "marginBottom": 4,
            }
          }
        >
          Norton Lake Bash
        </Text>
        <Text
          style={
            {
              "color": "rgba(255, 255, 255, 0.85)",
              "fontSize": 12,
            }
          }
        >
          Norton
        </Text>
        <Text
          style={
            {
              "color": "rgba(255, 255, 255, 0.85)",
              "fontSize": 12,
            }
          }
        >
          Sat, Sep 13, 2025
        </Text>
      </View>
      <View
        style={
          {
            "marginLeft": 8,
          }
        }
      >
        <View
          style={
            {
              "backgroundColor": "rgba(255, 255, 255, 0.12)",
              "borderRadius": 20,
              "paddingHorizontal": 10,
              "paddingVertical": 6,
            }
          }
        >
          <Text
            style={
              {
                "color": "#ffffff",
                "fontWeight": "700",
              }
            }
          >
            24
          </Text>
        </View>
      </View>
    </View>
  </View>
</View>
`;
